// Jest Snapshot v1, https://goo.gl/fbAQLP

exports[`Authentication Context Provider should render correctly 1`] = `
<Text>
  Some text
</Text>
`;
